Using pre-set license
Built from '2023.2/staging' branch; Version is '2023.2.20f1 (0e25a174756c) revision 927137'; Using compiler version '193431935'; Build Type 'Release'
OS: 'Windows 11  (10.0.26200) 64bit Core' Language: 'en' Physical Memory: 32606 MB
BatchMode: 1, IsHumanControllingUs: 0, StartBugReporterOnCrash: 0, Is64bit: 1, IsPro: 1

COMMAND LINE ARGUMENTS:
C:\Program Files\Unity\Hub\Editor\2023.2.20f1\Editor\Unity.exe
-adb2
-batchMode
-noUpm
-name
AssetImportWorker2
-projectPath
C:/Users/mnaro/OneDrive/Dokumenty/Project-Omega/Project Omega
-logFile
Logs/AssetImportWorker2.log
-srvPort
61715
-job-worker-count
11
-background-job-worker-count
8
-asset-garbage-collectors
1
Successfully changed project path to: C:/Users/mnaro/OneDrive/Dokumenty/Project-Omega/Project Omega
C:/Users/mnaro/OneDrive/Dokumenty/Project-Omega/Project Omega
[UnityMemory] Configuration Parameters - Can be set up in boot.config
    "memorysetup-bucket-allocator-granularity=16"
    "memorysetup-bucket-allocator-bucket-count=8"
    "memorysetup-bucket-allocator-block-size=33554432"
    "memorysetup-bucket-allocator-block-count=8"
    "memorysetup-main-allocator-block-size=16777216"
    "memorysetup-thread-allocator-block-size=16777216"
    "memorysetup-gfx-main-allocator-block-size=16777216"
    "memorysetup-gfx-thread-allocator-block-size=16777216"
    "memorysetup-cache-allocator-block-size=4194304"
    "memorysetup-typetree-allocator-block-size=2097152"
    "memorysetup-profiler-bucket-allocator-granularity=16"
    "memorysetup-profiler-bucket-allocator-bucket-count=8"
    "memorysetup-profiler-bucket-allocator-block-size=33554432"
    "memorysetup-profiler-bucket-allocator-block-count=8"
    "memorysetup-profiler-allocator-block-size=16777216"
    "memorysetup-profiler-editor-allocator-block-size=1048576"
    "memorysetup-temp-allocator-size-main=16777216"
    "memorysetup-job-temp-allocator-block-size=2097152"
    "memorysetup-job-temp-allocator-block-size-background=1048576"
    "memorysetup-job-temp-allocator-reduction-small-platforms=262144"
    "memorysetup-allocator-temp-initial-block-size-main=262144"
    "memorysetup-allocator-temp-initial-block-size-worker=262144"
    "memorysetup-temp-allocator-size-background-worker=32768"
    "memorysetup-temp-allocator-size-job-worker=262144"
    "memorysetup-temp-allocator-size-preload-manager=33554432"
    "memorysetup-temp-allocator-size-nav-mesh-worker=65536"
    "memorysetup-temp-allocator-size-audio-worker=65536"
    "memorysetup-temp-allocator-size-cloud-worker=32768"
    "memorysetup-temp-allocator-size-gi-baking-worker=262144"
    "memorysetup-temp-allocator-size-gi-baking-worker=262144"
    "memorysetup-temp-allocator-size-gi-baking-worker=262144"
    "memorysetup-temp-allocator-size-gi-baking-worker=262144"
    "memorysetup-temp-allocator-size-gfx=262144"
Player connection [4308] Host "[IP] 192.168.56.1 [Port] 0 [Flags] 2 [Guid] 3368269385 [EditorId] 3368269385 [Version] 1048832 [Id] WindowsEditor(7,Michael) [Debug] 1 [PackageName] WindowsEditor [ProjectName] Editor" joined multi-casting on [225.0.0.222:54997]...
Player connection [4308] Host "[IP] 192.168.56.1 [Port] 0 [Flags] 2 [Guid] 3368269385 [EditorId] 3368269385 [Version] 1048832 [Id] WindowsEditor(7,Michael) [Debug] 1 [PackageName] WindowsEditor [ProjectName] Editor" joined alternative multi-casting on [225.0.0.222:34997]...
JobSystem: Creating JobQueue using job-worker-count value 11
[Physics::Module] Initialized MultithreadedJobDispatcher with 11 workers.
Library Redirect Path: Library/
Refreshing native plugins compatible for Editor in 3.30 ms, found 4 plugins.
Preloading 0 native plugins for Editor in 0.00 ms.
Initialize engine version: 2023.2.20f1 (0e25a174756c)
[Subsystems] Discovering subsystems at path C:/Program Files/Unity/Hub/Editor/2023.2.20f1/Editor/Data/Resources/UnitySubsystems
[Subsystems] Discovering subsystems at path C:/Users/mnaro/OneDrive/Dokumenty/Project-Omega/Project Omega/Assets
GfxDevice: creating device client; kGfxThreadingModeNonThreaded
Direct3D:
    Version:  Direct3D 11.0 [level 11.1]
    Renderer: NVIDIA GeForce RTX 4070 Ti (ID=0x2782)
    Vendor:   NVIDIA
    VRAM:     11994 MB
    Driver:   32.0.15.9186
Initialize mono
Mono path[0] = 'C:/Program Files/Unity/Hub/Editor/2023.2.20f1/Editor/Data/Managed'
Mono path[1] = 'C:/Program Files/Unity/Hub/Editor/2023.2.20f1/Editor/Data/MonoBleedingEdge/lib/mono/unityjit-win32'
Mono config path = 'C:/Program Files/Unity/Hub/Editor/2023.2.20f1/Editor/Data/MonoBleedingEdge/etc'
Using monoOptions --debugger-agent=transport=dt_socket,embedding=1,server=y,suspend=n,address=127.0.0.1:56732
Begin MonoManager ReloadAssembly
Registering precompiled unity dll's ...
Register platform support module: C:/Program Files/Unity/Hub/Editor/2023.2.20f1/Editor/Data/PlaybackEngines/WindowsStandaloneSupport/UnityEditor.WindowsStandalone.Extensions.dll
Registered in 0.002589 seconds.
- Loaded All Assemblies, in  0.251 seconds
Native extension for WindowsStandalone target not found
Mono: successfully reloaded assembly
- Finished resetting the current domain, in  0.187 seconds
Domain Reload Profiling: 436ms
	BeginReloadAssembly (87ms)
		ExecutionOrderSort (0ms)
		DisableScriptedObjects (0ms)
		BackupInstance (0ms)
		ReleaseScriptingObjects (0ms)
		CreateAndSetChildDomain (0ms)
	RebuildCommonClasses (23ms)
	RebuildNativeTypeToScriptingClass (8ms)
	initialDomainReloadingComplete (32ms)
	LoadAllAssembliesAndSetupDomain (99ms)
		LoadAssemblies (84ms)
		RebuildTransferFunctionScriptingTraits (0ms)
		AnalyzeDomain (97ms)
			TypeCache.Refresh (97ms)
				TypeCache.ScanAssembly (88ms)
			BuildScriptInfoCaches (0ms)
			ResolveRequiredComponents (0ms)
	FinalizeReload (187ms)
		ReleaseScriptCaches (0ms)
		RebuildScriptCaches (0ms)
		SetupLoadedEditorAssemblies (152ms)
			LogAssemblyErrors (0ms)
			InitializePlatformSupportModulesInManaged (6ms)
			SetLoadedEditorAssemblies (2ms)
			BeforeProcessingInitializeOnLoad (3ms)
			ProcessInitializeOnLoadAttributes (113ms)
			ProcessInitializeOnLoadMethodAttributes (27ms)
			AfterProcessingInitializeOnLoad (0ms)
			EditorAssembliesLoaded (0ms)
		ExecutionOrderSort2 (0ms)
		AwakeInstancesAfterBackupRestoration (0ms)
========================================================================
Worker process is ready to serve import requests
Import Worker Mode flag is 0x00
Begin MonoManager ReloadAssembly
- Loaded All Assemblies, in  0.725 seconds
'Packages/com.unity.render-pipelines.high-definition/Editor/Wizard/HDWizard.UIElement.cs' contains partial class of Unity.Object, exactly 1 of the partial classes needs to be in a file with the same filename. This is to know the one that can be referenced from ie. GameObjects
'Packages/com.unity.render-pipelines.high-definition/Editor/Wizard/HDWizard.Configuration.cs' contains partial class of Unity.Object, exactly 1 of the partial classes needs to be in a file with the same filename. This is to know the one that can be referenced from ie. GameObjects
'Packages/com.unity.render-pipelines.high-definition/Editor/Wizard/HDWizard.Window.cs' contains partial class of Unity.Object, exactly 1 of the partial classes needs to be in a file with the same filename. This is to know the one that can be referenced from ie. GameObjects
Refreshing native plugins compatible for Editor in 1.47 ms, found 4 plugins.
Native extension for WindowsStandalone target not found
Mono: successfully reloaded assembly
- Finished resetting the current domain, in  0.655 seconds
Domain Reload Profiling: 1375ms
	BeginReloadAssembly (245ms)
		ExecutionOrderSort (0ms)
		DisableScriptedObjects (3ms)
		BackupInstance (0ms)
		ReleaseScriptingObjects (0ms)
		CreateAndSetChildDomain (17ms)
	RebuildCommonClasses (23ms)
	RebuildNativeTypeToScriptingClass (8ms)
	initialDomainReloadingComplete (30ms)
	LoadAllAssembliesAndSetupDomain (415ms)
		LoadAssemblies (298ms)
		RebuildTransferFunctionScriptingTraits (0ms)
		AnalyzeDomain (186ms)
			TypeCache.Refresh (153ms)
				TypeCache.ScanAssembly (143ms)
			BuildScriptInfoCaches (22ms)
			ResolveRequiredComponents (7ms)
	FinalizeReload (655ms)
		ReleaseScriptCaches (0ms)
		RebuildScriptCaches (0ms)
		SetupLoadedEditorAssemblies (377ms)
			LogAssemblyErrors (0ms)
			InitializePlatformSupportModulesInManaged (1ms)
			SetLoadedEditorAssemblies (2ms)
			BeforeProcessingInitializeOnLoad (34ms)
			ProcessInitializeOnLoadAttributes (308ms)
			ProcessInitializeOnLoadMethodAttributes (28ms)
			AfterProcessingInitializeOnLoad (4ms)
			EditorAssembliesLoaded (0ms)
		ExecutionOrderSort2 (0ms)
		AwakeInstancesAfterBackupRestoration (24ms)
Launched and connected shader compiler UnityShaderCompiler.exe after 0.01 seconds
Refreshing native plugins compatible for Editor in 1.83 ms, found 4 plugins.
Preloading 0 native plugins for Editor in 0.00 ms.
Unloading 420 Unused Serialized files (Serialized files now loaded: 0)
Unloading 6767 unused Assets / (10.3 MB). Loaded Objects now: 7646.
Memory consumption went from 248.2 MB to 237.9 MB.
Total: 6.266000 ms (FindLiveObjects: 0.433300 ms CreateObjectMapping: 0.338600 ms MarkObjects: 3.162700 ms  DeleteObjects: 2.330600 ms)

========================================================================
Received Import Request.
  Time since last request: 8605.787289 seconds.
  path: Packages/com.unity.render-pipelines.high-definition/Runtime/Material/Lit/Lit.hlsl
  artifactKey: Guid(103bcc6c90ed7124f8474d354c0171ba) Importer(815301076,1909f56bfc062723c751e8b465ee728b)
Start importing Packages/com.unity.render-pipelines.high-definition/Runtime/Material/Lit/Lit.hlsl using Guid(103bcc6c90ed7124f8474d354c0171ba) Importer(815301076,1909f56bfc062723c751e8b465ee728b) (PreviewImporter) -> (artifact id: 'bbd2857476573a02630fc8fda666f229') in 0.0151813 seconds
Number of updated asset objects reloaded before import = 0Number of asset objects unloaded after import = 1

========================================================================
Received Import Request.
  Time since last request: 0.000012 seconds.
  path: Packages/com.unity.render-pipelines.high-definition/Runtime/Material/Lit/SimpleLit.hlsl
  artifactKey: Guid(9e57cbfe2fa0bf645a37e5563eab8147) Importer(815301076,1909f56bfc062723c751e8b465ee728b)
Start importing Packages/com.unity.render-pipelines.high-definition/Runtime/Material/Lit/SimpleLit.hlsl using Guid(9e57cbfe2fa0bf645a37e5563eab8147) Importer(815301076,1909f56bfc062723c751e8b465ee728b) (PreviewImporter) -> (artifact id: 'e39e17227131c9d0cca4b753c8992e48') in 0.0033164 seconds
Number of updated asset objects reloaded before import = 0Number of asset objects unloaded after import = 1

========================================================================
Received Import Request.
  Time since last request: 0.000013 seconds.
  path: Packages/com.unity.render-pipelines.high-definition/Runtime/Material/Lit/LitDecalData.hlsl
  artifactKey: Guid(b9794cfc79c5e594fb8141e28e478a52) Importer(815301076,1909f56bfc062723c751e8b465ee728b)
Start importing Packages/com.unity.render-pipelines.high-definition/Runtime/Material/Lit/LitDecalData.hlsl using Guid(b9794cfc79c5e594fb8141e28e478a52) Importer(815301076,1909f56bfc062723c751e8b465ee728b) (PreviewImporter) -> (artifact id: 'e32c80303b75038a86aa02ac3e45e80f') in 0.0024765 seconds
Number of updated asset objects reloaded before import = 0Number of asset objects unloaded after import = 1

========================================================================
Received Import Request.
  Time since last request: 0.000013 seconds.
  path: Packages/com.unity.render-pipelines.high-definition/Runtime/Material/Lit/LitDataIndividualLayer.hlsl
  artifactKey: Guid(9460fe0fb917f0c4cbc8da701890bb96) Importer(815301076,1909f56bfc062723c751e8b465ee728b)
Start importing Packages/com.unity.render-pipelines.high-definition/Runtime/Material/Lit/LitDataIndividualLayer.hlsl using Guid(9460fe0fb917f0c4cbc8da701890bb96) Importer(815301076,1909f56bfc062723c751e8b465ee728b) (PreviewImporter) -> (artifact id: '9499d6d6d1e072dc18ee280f97a592f0') in 0.0216847 seconds
Number of updated asset objects reloaded before import = 0Number of asset objects unloaded after import = 1

========================================================================
Received Import Request.
  Time since last request: 47.887520 seconds.
  path: Assets/3D/Final/Characters/Work in progress/Potion/Materials/Glass_old.mat
  artifactKey: Guid(4487d5b5e140f9b4890888b02dbeca85) Importer(815301076,1909f56bfc062723c751e8b465ee728b)
Start importing Assets/3D/Final/Characters/Work in progress/Potion/Materials/Glass_old.mat using Guid(4487d5b5e140f9b4890888b02dbeca85) Importer(815301076,1909f56bfc062723c751e8b465ee728b) (PreviewImporter) -> (artifact id: 'b50bc01469d58e5a602ee104a5b20563') in 1.54365 seconds
Number of updated asset objects reloaded before import = 0Number of asset objects unloaded after import = 54

========================================================================
Received Import Request.
  Time since last request: 98.074901 seconds.
  path: Assets/3D/Final/Characters/Work in progress/Boots/BrownLeather02_MR_4K/BrownLeather02_4K_BaseColor.png
  artifactKey: Guid(66d498aff613db348b6547de416203b1) Importer(815301076,1909f56bfc062723c751e8b465ee728b)
Start importing Assets/3D/Final/Characters/Work in progress/Boots/BrownLeather02_MR_4K/BrownLeather02_4K_BaseColor.png using Guid(66d498aff613db348b6547de416203b1) Importer(815301076,1909f56bfc062723c751e8b465ee728b) (PreviewImporter) -> (artifact id: '62852a261a92001f9e0100254ff9bdc5') in 0.0169491 seconds
Number of updated asset objects reloaded before import = 0Number of asset objects unloaded after import = 2

========================================================================
Received Import Request.
  Time since last request: 0.000045 seconds.
  path: Assets/3D/Final/Characters/Work in progress/Boots/feather/fabrics_0038_normal_opengl_2k.png
  artifactKey: Guid(cbeebd3dc52f168439a4e5a750363a43) Importer(815301076,1909f56bfc062723c751e8b465ee728b)
Start importing Assets/3D/Final/Characters/Work in progress/Boots/feather/fabrics_0038_normal_opengl_2k.png using Guid(cbeebd3dc52f168439a4e5a750363a43) Importer(815301076,1909f56bfc062723c751e8b465ee728b) (PreviewImporter) -> (artifact id: '1c5bf88e13dc4b3dd81d15af53735e5d') in 0.0066599 seconds
Number of updated asset objects reloaded before import = 0Number of asset objects unloaded after import = 2

========================================================================
Received Import Request.
  Time since last request: 0.000018 seconds.
  path: Assets/3D/Final/Characters/Work in progress/Boots/BrownLeather02_MR_4K/BrownLeather02_4K_Normal.png
  artifactKey: Guid(871a2e9ee578c3b458755f8ed8f7648b) Importer(815301076,1909f56bfc062723c751e8b465ee728b)
Start importing Assets/3D/Final/Characters/Work in progress/Boots/BrownLeather02_MR_4K/BrownLeather02_4K_Normal.png using Guid(871a2e9ee578c3b458755f8ed8f7648b) Importer(815301076,1909f56bfc062723c751e8b465ee728b) (PreviewImporter) -> (artifact id: '5d7015eb15281d85f9963760b5938a23') in 0.0073479 seconds
Number of updated asset objects reloaded before import = 0Number of asset objects unloaded after import = 2

========================================================================
Received Import Request.
  Time since last request: 0.000025 seconds.
  path: Assets/3D/Final/Characters/Work in progress/Boots/feather/fabrics_0038_subsurface_2k.jpg
  artifactKey: Guid(a49f5af27b1e2e5448f14e14bfc610b2) Importer(815301076,1909f56bfc062723c751e8b465ee728b)
Start importing Assets/3D/Final/Characters/Work in progress/Boots/feather/fabrics_0038_subsurface_2k.jpg using Guid(a49f5af27b1e2e5448f14e14bfc610b2) Importer(815301076,1909f56bfc062723c751e8b465ee728b) (PreviewImporter) -> (artifact id: 'd47b3cd32482161aee8b0a0992169657') in 0.0119182 seconds
Number of updated asset objects reloaded before import = 0Number of asset objects unloaded after import = 2

========================================================================
Received Import Request.
  Time since last request: 0.000020 seconds.
  path: Assets/3D/Final/Characters/Work in progress/Boots/feather/fabrics_0038_opacity_2k.jpg
  artifactKey: Guid(7010f605317784749800243a35738395) Importer(815301076,1909f56bfc062723c751e8b465ee728b)
Start importing Assets/3D/Final/Characters/Work in progress/Boots/feather/fabrics_0038_opacity_2k.jpg using Guid(7010f605317784749800243a35738395) Importer(815301076,1909f56bfc062723c751e8b465ee728b) (PreviewImporter) -> (artifact id: 'ec9392144664ba5bb4d0442f9e0cc5e4') in 0.005934 seconds
Number of updated asset objects reloaded before import = 0Number of asset objects unloaded after import = 2

========================================================================
Received Import Request.
  Time since last request: 0.000021 seconds.
  path: Assets/3D/Final/Characters/Work in progress/Boots/feather/fabrics_0038_ao_2k.jpg
  artifactKey: Guid(0377a36b07a2c5847bcf3e9eb211a908) Importer(815301076,1909f56bfc062723c751e8b465ee728b)
Start importing Assets/3D/Final/Characters/Work in progress/Boots/feather/fabrics_0038_ao_2k.jpg using Guid(0377a36b07a2c5847bcf3e9eb211a908) Importer(815301076,1909f56bfc062723c751e8b465ee728b) (PreviewImporter) -> (artifact id: '2431cd37538800bb254ac27f96483560') in 0.0064166 seconds
Number of updated asset objects reloaded before import = 0Number of asset objects unloaded after import = 2

========================================================================
Received Import Request.
  Time since last request: 0.000028 seconds.
  path: Assets/3D/Final/Characters/Work in progress/Boots/feather/fabrics_0038_roughness_2k.jpg
  artifactKey: Guid(48e78577ee9cff54cbd9aa251ba02b4d) Importer(815301076,1909f56bfc062723c751e8b465ee728b)
Start importing Assets/3D/Final/Characters/Work in progress/Boots/feather/fabrics_0038_roughness_2k.jpg using Guid(48e78577ee9cff54cbd9aa251ba02b4d) Importer(815301076,1909f56bfc062723c751e8b465ee728b) (PreviewImporter) -> (artifact id: '8248791a915bf89d2f1ee339b392cf8a') in 0.0063668 seconds
Number of updated asset objects reloaded before import = 0Number of asset objects unloaded after import = 2

========================================================================
Received Import Request.
  Time since last request: 0.000018 seconds.
  path: Assets/3D/Final/Characters/Work in progress/Boots/BrownLeather02_MR_4K/BrownLeather02_4K_Height.png
  artifactKey: Guid(baab07947ba81724d9b49ad7e06dee0f) Importer(815301076,1909f56bfc062723c751e8b465ee728b)
Start importing Assets/3D/Final/Characters/Work in progress/Boots/BrownLeather02_MR_4K/BrownLeather02_4K_Height.png using Guid(baab07947ba81724d9b49ad7e06dee0f) Importer(815301076,1909f56bfc062723c751e8b465ee728b) (PreviewImporter) -> (artifact id: '5d757645999f633f98da474fd566600b') in 0.0071757 seconds
Number of updated asset objects reloaded before import = 0Number of asset objects unloaded after import = 2

========================================================================
Received Import Request.
  Time since last request: 0.000021 seconds.
  path: Assets/3D/Final/Characters/Work in progress/Boots/BrownLeather02_MR_4K/BrownLeather02_4K_Roughness.png
  artifactKey: Guid(5291b55f2e078c749987210063e10094) Importer(815301076,1909f56bfc062723c751e8b465ee728b)
Start importing Assets/3D/Final/Characters/Work in progress/Boots/BrownLeather02_MR_4K/BrownLeather02_4K_Roughness.png using Guid(5291b55f2e078c749987210063e10094) Importer(815301076,1909f56bfc062723c751e8b465ee728b) (PreviewImporter) -> (artifact id: '7a499bee47eaa0d2dab5ec863ccbc8bc') in 0.0065866 seconds
Number of updated asset objects reloaded before import = 0Number of asset objects unloaded after import = 2

Editor requested this worker to shutdown with reason: Scaling down because of idle timeout
AssetImportWorkerClient::OnTransportError - code=2 error=End of file
AssetImportWorker is now disconnected from the server
Process exiting
Exiting without the bug reporter. Application will terminate with return code 0