Using pre-set license
Built from '2023.2/staging' branch; Version is '2023.2.20f1 (0e25a174756c) revision 927137'; Using compiler version '193431935'; Build Type 'Release'
OS: 'Windows 11  (10.0.26200) 64bit Core' Language: 'en' Physical Memory: 32606 MB
BatchMode: 1, IsHumanControllingUs: 0, StartBugReporterOnCrash: 0, Is64bit: 1, IsPro: 1

COMMAND LINE ARGUMENTS:
C:\Program Files\Unity\Hub\Editor\2023.2.20f1\Editor\Unity.exe
-adb2
-batchMode
-noUpm
-name
AssetImportWorker4
-projectPath
C:/Users/mnaro/OneDrive/Dokumenty/Project-Omega/Project Omega
-logFile
Logs/AssetImportWorker4.log
-srvPort
61715
-job-worker-count
11
-background-job-worker-count
8
-asset-garbage-collectors
1
Successfully changed project path to: C:/Users/mnaro/OneDrive/Dokumenty/Project-Omega/Project Omega
C:/Users/mnaro/OneDrive/Dokumenty/Project-Omega/Project Omega
[UnityMemory] Configuration Parameters - Can be set up in boot.config
    "memorysetup-bucket-allocator-granularity=16"
    "memorysetup-bucket-allocator-bucket-count=8"
    "memorysetup-bucket-allocator-block-size=33554432"
    "memorysetup-bucket-allocator-block-count=8"
    "memorysetup-main-allocator-block-size=16777216"
    "memorysetup-thread-allocator-block-size=16777216"
    "memorysetup-gfx-main-allocator-block-size=16777216"
    "memorysetup-gfx-thread-allocator-block-size=16777216"
    "memorysetup-cache-allocator-block-size=4194304"
    "memorysetup-typetree-allocator-block-size=2097152"
    "memorysetup-profiler-bucket-allocator-granularity=16"
    "memorysetup-profiler-bucket-allocator-bucket-count=8"
    "memorysetup-profiler-bucket-allocator-block-size=33554432"
    "memorysetup-profiler-bucket-allocator-block-count=8"
    "memorysetup-profiler-allocator-block-size=16777216"
    "memorysetup-profiler-editor-allocator-block-size=1048576"
    "memorysetup-temp-allocator-size-main=16777216"
    "memorysetup-job-temp-allocator-block-size=2097152"
    "memorysetup-job-temp-allocator-block-size-background=1048576"
    "memorysetup-job-temp-allocator-reduction-small-platforms=262144"
    "memorysetup-allocator-temp-initial-block-size-main=262144"
    "memorysetup-allocator-temp-initial-block-size-worker=262144"
    "memorysetup-temp-allocator-size-background-worker=32768"
    "memorysetup-temp-allocator-size-job-worker=262144"
    "memorysetup-temp-allocator-size-preload-manager=33554432"
    "memorysetup-temp-allocator-size-nav-mesh-worker=65536"
    "memorysetup-temp-allocator-size-audio-worker=65536"
    "memorysetup-temp-allocator-size-cloud-worker=32768"
    "memorysetup-temp-allocator-size-gi-baking-worker=262144"
    "memorysetup-temp-allocator-size-gi-baking-worker=262144"
    "memorysetup-temp-allocator-size-gi-baking-worker=262144"
    "memorysetup-temp-allocator-size-gi-baking-worker=262144"
    "memorysetup-temp-allocator-size-gfx=262144"
Player connection [23700] Host "[IP] 192.168.56.1 [Port] 0 [Flags] 2 [Guid] 3443548976 [EditorId] 3443548976 [Version] 1048832 [Id] WindowsEditor(7,Michael) [Debug] 1 [PackageName] WindowsEditor [ProjectName] Editor" joined multi-casting on [225.0.0.222:54997]...
Player connection [23700] Host "[IP] 192.168.56.1 [Port] 0 [Flags] 2 [Guid] 3443548976 [EditorId] 3443548976 [Version] 1048832 [Id] WindowsEditor(7,Michael) [Debug] 1 [PackageName] WindowsEditor [ProjectName] Editor" joined alternative multi-casting on [225.0.0.222:34997]...
JobSystem: Creating JobQueue using job-worker-count value 11
[Physics::Module] Initialized MultithreadedJobDispatcher with 11 workers.
Library Redirect Path: Library/
Refreshing native plugins compatible for Editor in 7.02 ms, found 4 plugins.
Preloading 0 native plugins for Editor in 0.00 ms.
Initialize engine version: 2023.2.20f1 (0e25a174756c)
[Subsystems] Discovering subsystems at path C:/Program Files/Unity/Hub/Editor/2023.2.20f1/Editor/Data/Resources/UnitySubsystems
[Subsystems] Discovering subsystems at path C:/Users/mnaro/OneDrive/Dokumenty/Project-Omega/Project Omega/Assets
GfxDevice: creating device client; kGfxThreadingModeNonThreaded
Direct3D:
    Version:  Direct3D 11.0 [level 11.1]
    Renderer: NVIDIA GeForce RTX 4070 Ti (ID=0x2782)
    Vendor:   NVIDIA
    VRAM:     11994 MB
    Driver:   32.0.15.9186
Initialize mono
Mono path[0] = 'C:/Program Files/Unity/Hub/Editor/2023.2.20f1/Editor/Data/Managed'
Mono path[1] = 'C:/Program Files/Unity/Hub/Editor/2023.2.20f1/Editor/Data/MonoBleedingEdge/lib/mono/unityjit-win32'
Mono config path = 'C:/Program Files/Unity/Hub/Editor/2023.2.20f1/Editor/Data/MonoBleedingEdge/etc'
Using monoOptions --debugger-agent=transport=dt_socket,embedding=1,server=y,suspend=n,address=127.0.0.1:56924
Begin MonoManager ReloadAssembly
Registering precompiled unity dll's ...
Register platform support module: C:/Program Files/Unity/Hub/Editor/2023.2.20f1/Editor/Data/PlaybackEngines/WindowsStandaloneSupport/UnityEditor.WindowsStandalone.Extensions.dll
Registered in 0.002928 seconds.
- Loaded All Assemblies, in  0.252 seconds
Native extension for WindowsStandalone target not found
Mono: successfully reloaded assembly
- Finished resetting the current domain, in  0.186 seconds
Domain Reload Profiling: 435ms
	BeginReloadAssembly (89ms)
		ExecutionOrderSort (0ms)
		DisableScriptedObjects (0ms)
		BackupInstance (0ms)
		ReleaseScriptingObjects (0ms)
		CreateAndSetChildDomain (0ms)
	RebuildCommonClasses (23ms)
	RebuildNativeTypeToScriptingClass (7ms)
	initialDomainReloadingComplete (33ms)
	LoadAllAssembliesAndSetupDomain (97ms)
		LoadAssemblies (86ms)
		RebuildTransferFunctionScriptingTraits (0ms)
		AnalyzeDomain (95ms)
			TypeCache.Refresh (95ms)
				TypeCache.ScanAssembly (86ms)
			BuildScriptInfoCaches (0ms)
			ResolveRequiredComponents (0ms)
	FinalizeReload (186ms)
		ReleaseScriptCaches (0ms)
		RebuildScriptCaches (0ms)
		SetupLoadedEditorAssemblies (153ms)
			LogAssemblyErrors (0ms)
			InitializePlatformSupportModulesInManaged (6ms)
			SetLoadedEditorAssemblies (3ms)
			BeforeProcessingInitializeOnLoad (3ms)
			ProcessInitializeOnLoadAttributes (114ms)
			ProcessInitializeOnLoadMethodAttributes (27ms)
			AfterProcessingInitializeOnLoad (0ms)
			EditorAssembliesLoaded (0ms)
		ExecutionOrderSort2 (0ms)
		AwakeInstancesAfterBackupRestoration (0ms)
========================================================================
Worker process is ready to serve import requests
Import Worker Mode flag is 0x00
Begin MonoManager ReloadAssembly
- Loaded All Assemblies, in  0.740 seconds
'Packages/com.unity.render-pipelines.high-definition/Editor/Wizard/HDWizard.UIElement.cs' contains partial class of Unity.Object, exactly 1 of the partial classes needs to be in a file with the same filename. This is to know the one that can be referenced from ie. GameObjects
'Packages/com.unity.render-pipelines.high-definition/Editor/Wizard/HDWizard.Configuration.cs' contains partial class of Unity.Object, exactly 1 of the partial classes needs to be in a file with the same filename. This is to know the one that can be referenced from ie. GameObjects
'Packages/com.unity.render-pipelines.high-definition/Editor/Wizard/HDWizard.Window.cs' contains partial class of Unity.Object, exactly 1 of the partial classes needs to be in a file with the same filename. This is to know the one that can be referenced from ie. GameObjects
Refreshing native plugins compatible for Editor in 1.85 ms, found 4 plugins.
Native extension for WindowsStandalone target not found
Mono: successfully reloaded assembly
- Finished resetting the current domain, in  0.693 seconds
Domain Reload Profiling: 1429ms
	BeginReloadAssembly (256ms)
		ExecutionOrderSort (0ms)
		DisableScriptedObjects (3ms)
		BackupInstance (0ms)
		ReleaseScriptingObjects (0ms)
		CreateAndSetChildDomain (18ms)
	RebuildCommonClasses (24ms)
	RebuildNativeTypeToScriptingClass (8ms)
	initialDomainReloadingComplete (29ms)
	LoadAllAssembliesAndSetupDomain (418ms)
		LoadAssemblies (305ms)
		RebuildTransferFunctionScriptingTraits (0ms)
		AnalyzeDomain (189ms)
			TypeCache.Refresh (157ms)
				TypeCache.ScanAssembly (147ms)
			BuildScriptInfoCaches (22ms)
			ResolveRequiredComponents (6ms)
	FinalizeReload (694ms)
		ReleaseScriptCaches (0ms)
		RebuildScriptCaches (0ms)
		SetupLoadedEditorAssemblies (396ms)
			LogAssemblyErrors (0ms)
			InitializePlatformSupportModulesInManaged (1ms)
			SetLoadedEditorAssemblies (2ms)
			BeforeProcessingInitializeOnLoad (36ms)
			ProcessInitializeOnLoadAttributes (324ms)
			ProcessInitializeOnLoadMethodAttributes (28ms)
			AfterProcessingInitializeOnLoad (4ms)
			EditorAssembliesLoaded (0ms)
		ExecutionOrderSort2 (0ms)
		AwakeInstancesAfterBackupRestoration (25ms)
Launched and connected shader compiler UnityShaderCompiler.exe after 0.01 seconds
Refreshing native plugins compatible for Editor in 2.31 ms, found 4 plugins.
Preloading 0 native plugins for Editor in 0.00 ms.
Unloading 420 Unused Serialized files (Serialized files now loaded: 0)
Unloading 6767 unused Assets / (10.8 MB). Loaded Objects now: 7646.
Memory consumption went from 248.2 MB to 237.4 MB.
Total: 6.926700 ms (FindLiveObjects: 0.735700 ms CreateObjectMapping: 0.399500 ms MarkObjects: 3.352900 ms  DeleteObjects: 2.437900 ms)

========================================================================
Received Import Request.
  Time since last request: 8653.769822 seconds.
  path: Assets/3D/Final/Characters/Work in progress/Potion/Materials/Glass.mat
  artifactKey: Guid(c6132efff9bf6a945862c10d3d2e9d93) Importer(815301076,1909f56bfc062723c751e8b465ee728b)
Start importing Assets/3D/Final/Characters/Work in progress/Potion/Materials/Glass.mat using Guid(c6132efff9bf6a945862c10d3d2e9d93) Importer(815301076,1909f56bfc062723c751e8b465ee728b) (PreviewImporter) -> (artifact id: 'd77a02328d7e71c9960a1a048fd0f38e') in 5.2847689 seconds
Number of updated asset objects reloaded before import = 0Number of asset objects unloaded after import = 54

========================================================================
Received Import Request.
  Time since last request: 0.068516 seconds.
  path: Assets/3D/Final/Characters/Work in progress/Potion/Materials/Glass_old.mat
  artifactKey: Guid(4487d5b5e140f9b4890888b02dbeca85) Importer(815301076,1909f56bfc062723c751e8b465ee728b)
Start importing Assets/3D/Final/Characters/Work in progress/Potion/Materials/Glass_old.mat using Guid(4487d5b5e140f9b4890888b02dbeca85) Importer(815301076,1909f56bfc062723c751e8b465ee728b) (PreviewImporter) -> (artifact id: 'e326c191d1c8be1d0e8f788d3cedcebb') in 0.0583821 seconds
Number of updated asset objects reloaded before import = 0Number of asset objects unloaded after import = 21

========================================================================
Received Import Request.
  Time since last request: 94.193169 seconds.
  path: Assets/3D/Final/Characters/Work in progress/Pot/Metal063_2K-JPG/brightMetal063_2K-JPG_Color.jpg
  artifactKey: Guid(bdbab4a5f47d570448f9806dd7c2a823) Importer(815301076,1909f56bfc062723c751e8b465ee728b)
Start importing Assets/3D/Final/Characters/Work in progress/Pot/Metal063_2K-JPG/brightMetal063_2K-JPG_Color.jpg using Guid(bdbab4a5f47d570448f9806dd7c2a823) Importer(815301076,1909f56bfc062723c751e8b465ee728b) (PreviewImporter) -> (artifact id: '016090faa41351ef770129589f4160a9') in 0.0168843 seconds
Number of updated asset objects reloaded before import = 0Number of asset objects unloaded after import = 2

========================================================================
Received Import Request.
  Time since last request: 0.000041 seconds.
  path: Assets/3D/Final/Characters/Work in progress/Boots/feather/fabrics_0038_height_2k.png
  artifactKey: Guid(8c93e0880042fd644a7a92ee3c54861e) Importer(815301076,1909f56bfc062723c751e8b465ee728b)
Start importing Assets/3D/Final/Characters/Work in progress/Boots/feather/fabrics_0038_height_2k.png using Guid(8c93e0880042fd644a7a92ee3c54861e) Importer(815301076,1909f56bfc062723c751e8b465ee728b) (PreviewImporter) -> (artifact id: '1ec402b1c084a2e5c589a6e71580bc2f') in 0.0068992 seconds
Number of updated asset objects reloaded before import = 0Number of asset objects unloaded after import = 2

========================================================================
Received Import Request.
  Time since last request: 0.000022 seconds.
  path: Assets/3D/Final/Characters/Work in progress/Boots/fabric_leather_01_2k.blend/textures/fabric_leather_01_diff_2k.jpg
  artifactKey: Guid(3690b37efccc2f14999dea48e8d79b86) Importer(815301076,1909f56bfc062723c751e8b465ee728b)
Start importing Assets/3D/Final/Characters/Work in progress/Boots/fabric_leather_01_2k.blend/textures/fabric_leather_01_diff_2k.jpg using Guid(3690b37efccc2f14999dea48e8d79b86) Importer(815301076,1909f56bfc062723c751e8b465ee728b) (PreviewImporter) -> (artifact id: '2615dc29a37370c161d6b2d1141656af') in 0.0069323 seconds
Number of updated asset objects reloaded before import = 0Number of asset objects unloaded after import = 2

========================================================================
Received Import Request.
  Time since last request: 0.000033 seconds.
  path: Assets/3D/Final/Characters/Work in progress/Boots/feather/fabrics_0038_normal_directx_2k.png
  artifactKey: Guid(15da38de82b74d54c997630f23d82085) Importer(815301076,1909f56bfc062723c751e8b465ee728b)
Start importing Assets/3D/Final/Characters/Work in progress/Boots/feather/fabrics_0038_normal_directx_2k.png using Guid(15da38de82b74d54c997630f23d82085) Importer(815301076,1909f56bfc062723c751e8b465ee728b) (PreviewImporter) -> (artifact id: 'bd537aa226835166cba1035c27bfbe9c') in 0.0128283 seconds
Number of updated asset objects reloaded before import = 0Number of asset objects unloaded after import = 2

========================================================================
Received Import Request.
  Time since last request: 0.000018 seconds.
  path: Assets/3D/Final/Characters/Work in progress/Boots/feather/fabrics_0038_color_2k.jpg
  artifactKey: Guid(2090389ebef6d474092efc21abff3717) Importer(815301076,1909f56bfc062723c751e8b465ee728b)
Start importing Assets/3D/Final/Characters/Work in progress/Boots/feather/fabrics_0038_color_2k.jpg using Guid(2090389ebef6d474092efc21abff3717) Importer(815301076,1909f56bfc062723c751e8b465ee728b) (PreviewImporter) -> (artifact id: '0a682682fac0b2f3146b999c7583a5f9') in 0.0069966 seconds
Number of updated asset objects reloaded before import = 0Number of asset objects unloaded after import = 2

========================================================================
Received Import Request.
  Time since last request: 0.000025 seconds.
  path: Assets/3D/Final/Characters/Work in progress/Boots/fabric_leather_01_2k.blend/textures/fabric_leather_01_disp_2k.png
  artifactKey: Guid(6f3a9cdf8ca28e34c9d7d30b00eaa8ef) Importer(815301076,1909f56bfc062723c751e8b465ee728b)
Start importing Assets/3D/Final/Characters/Work in progress/Boots/fabric_leather_01_2k.blend/textures/fabric_leather_01_disp_2k.png using Guid(6f3a9cdf8ca28e34c9d7d30b00eaa8ef) Importer(815301076,1909f56bfc062723c751e8b465ee728b) (PreviewImporter) -> (artifact id: '0afd2d1981ba1e350d914121239561d9') in 0.0084619 seconds
Number of updated asset objects reloaded before import = 0Number of asset objects unloaded after import = 2

========================================================================
Received Import Request.
  Time since last request: 0.000027 seconds.
  path: Assets/3D/Final/Characters/Work in progress/Boots/fabric_leather_01_2k.blend/textures/fabric_leather_01_rough_2k.jpg
  artifactKey: Guid(c6c1a00662c536641b7ac3deb07bdae8) Importer(815301076,1909f56bfc062723c751e8b465ee728b)
Start importing Assets/3D/Final/Characters/Work in progress/Boots/fabric_leather_01_2k.blend/textures/fabric_leather_01_rough_2k.jpg using Guid(c6c1a00662c536641b7ac3deb07bdae8) Importer(815301076,1909f56bfc062723c751e8b465ee728b) (PreviewImporter) -> (artifact id: '7b3200c57b0f0e5abb223488ab11f4e0') in 0.0064921 seconds
Number of updated asset objects reloaded before import = 0Number of asset objects unloaded after import = 2

========================================================================
Received Import Request.
  Time since last request: 0.000023 seconds.
  path: Assets/3D/Final/Characters/Work in progress/Boots/fabric_leather_01_2k.blend/textures/fabric_leather_01_nor_gl_2k.exr
  artifactKey: Guid(684748e0ff01a53428b7475b75b48948) Importer(815301076,1909f56bfc062723c751e8b465ee728b)
Start importing Assets/3D/Final/Characters/Work in progress/Boots/fabric_leather_01_2k.blend/textures/fabric_leather_01_nor_gl_2k.exr using Guid(684748e0ff01a53428b7475b75b48948) Importer(815301076,1909f56bfc062723c751e8b465ee728b) (PreviewImporter) -> (artifact id: '72390d89ba5dc585cb51aa88c04164a7') in 0.0084124 seconds
Number of updated asset objects reloaded before import = 0Number of asset objects unloaded after import = 2

Editor requested this worker to shutdown with reason: Scaling down because of idle timeout
AssetImportWorkerClient::OnTransportError - code=2 error=End of file
AssetImportWorker is now disconnected from the server
Process exiting
Exiting without the bug reporter. Application will terminate with return code 0